Type 'MissingTaskUsageDetectorTests' contains a call to 'TextWriter.WriteLineAsync' near line 41 where no usage of the returned Task is detected.