Type 'MissingTaskUsageDetectorTests' contains a call to 'TextReader.ReadLineAsync' near line 84 where no usage of the returned Task is detected.